This is LuaHBTeX, Version 1.22.0 (TeX Live 2026/dev/Arch Linux)  (format=lualatex 2026.1.18)  28 FEB 2026 11:21
 restricted system commands enabled.
**"Detection and Recognition of Diacritics.tex"
("./Detection and Recognition of Diacritics.tex"
LaTeX2e <2024-11-01> patch level 2
L3 programming layer <2025-01-18>
[\directlua]:1: module 'luaotfload-main' not found:
	no field package.preload['luaotfload-main']
	[kpse lua searcher] file not found: 'luaotfload-main'
Error in luaotfload: reverting to OT1
Inserting `tracingstacklevels' in `input_level_string'.
(/usr/share/texmf-dist/tex/latex/base/report.cls
Document Class: report 2024/06/29 v1.4n Standard LaTeX document class
(/usr/share/texmf-dist/tex/latex/base/size12.clo
File: size12.clo 2024/06/29 v1.4n Standard LaTeX file (size option)
LaTeX Font Info:    Trying to load font information for OT1+lmr on input line 5
4.

(/usr/share/texmf-dist/tex/latex/lm/ot1lmr.fd
File: ot1lmr.fd 2015/05/01 v1.6.1 Font defs for Latin Modern
))
\c@part=\count194
\c@chapter=\count195
\c@section=\count196
\c@subsection=\count197
\c@subsubsection=\count198
\c@paragraph=\count199
\c@subparagraph=\count266
\c@figure=\count267
\c@table=\count268
\abovecaptionskip=\skip49
\belowcaptionskip=\skip50
\bibindent=\dimen140
)
(/usr/share/texmf-dist/tex/latex/base/inputenc.sty
Package: inputenc 2024/02/08 v1.3d Input encoding file
\inpenc@prehook=\toks17
\inpenc@posthook=\toks18


Package inputenc Warning: inputenc package ignored with utf8 based engines.

) (/usr/share/texmf-dist/tex/latex/base/fontenc.sty
Package: fontenc 2021/04/29 v2.0v Standard LaTeX package
LaTeX Font Info:    Trying to load font information for T1+lmr on input line 11
6.

(/usr/share/texmf-dist/tex/latex/lm/t1lmr.fd
File: t1lmr.fd 2015/05/01 v1.6.1 Font defs for Latin Modern
))
(/usr/share/texmf-dist/tex/latex/graphics/graphicx.sty
Package: graphicx 2021/09/16 v1.2d Enhanced LaTeX Graphics (DPC,SPQR)

(/usr/share/texmf-dist/tex/latex/graphics/keyval.sty
Package: keyval 2022/05/29 v1.15 key=value parser (DPC)
\KV@toks@=\toks19
)
(/usr/share/texmf-dist/tex/latex/graphics/graphics.sty
Package: graphics 2024/08/06 v1.4g Standard LaTeX Graphics (DPC,SPQR)

(/usr/share/texmf-dist/tex/latex/graphics/trig.sty
Package: trig 2023/12/02 v1.11 sin cos tan (DPC)
)
(/usr/share/texmf-dist/tex/latex/graphics-cfg/graphics.cfg
File: graphics.cfg 2016/06/04 v1.11 sample graphics configuration
)
Package graphics Info: Driver file: luatex.def on input line 106.

(/usr/share/texmf-dist/tex/latex/graphics-def/luatex.def
File: luatex.def 2024/04/13 v1.2e Graphics/color driver for luatex
))
\Gin@req@height=\dimen141
\Gin@req@width=\dimen142
)
(/usr/share/texmf-dist/tex/latex/amsmath/amsmath.sty
Package: amsmath 2024/11/05 v2.17t AMS math features
\@mathmargin=\skip51

For additional information on amsmath, use the `?' option.
(/usr/share/texmf-dist/tex/latex/amsmath/amstext.sty
Package: amstext 2021/08/26 v2.01 AMS text

(/usr/share/texmf-dist/tex/latex/amsmath/amsgen.sty
File: amsgen.sty 1999/11/30 v2.0 generic functions
\@emptytoks=\toks20
\ex@=\dimen143
))
(/usr/share/texmf-dist/tex/latex/amsmath/amsbsy.sty
Package: amsbsy 1999/11/29 v1.2d Bold Symbols
\pmbraise@=\dimen144
)
(/usr/share/texmf-dist/tex/latex/amsmath/amsopn.sty
Package: amsopn 2022/04/08 v2.04 operator names
)
\inf@bad=\count269
LaTeX Info: Redefining \frac on input line 235.
\uproot@=\count270
\leftroot@=\count271
LaTeX Info: Redefining \overline on input line 398.
LaTeX Info: Redefining \colon on input line 409.
\classnum@=\count272
\DOTSCASE@=\count273
LaTeX Info: Redefining \ldots on input line 495.
LaTeX Info: Redefining \dots on input line 498.
LaTeX Info: Redefining \cdots on input line 619.
\Mathstrutbox@=\box52
\strutbox@=\box53
LaTeX Info: Redefining \big on input line 721.
LaTeX Info: Redefining \Big on input line 722.
LaTeX Info: Redefining \bigg on input line 723.
LaTeX Info: Redefining \Bigg on input line 724.
\big@size=\dimen145
LaTeX Font Info:    Redeclaring font encoding OML on input line 742.
LaTeX Font Info:    Redeclaring font encoding OMS on input line 743.
\macc@depth=\count274
LaTeX Info: Redefining \bmod on input line 904.
LaTeX Info: Redefining \pmod on input line 909.
LaTeX Info: Redefining \smash on input line 939.
LaTeX Info: Redefining \relbar on input line 969.
LaTeX Info: Redefining \Relbar on input line 970.
\c@MaxMatrixCols=\count275
\dotsspace@=\muskip17
\c@parentequation=\count276
\dspbrk@lvl=\count277
\tag@help=\toks21
\row@=\count278
\column@=\count279
\maxfields@=\count280
\andhelp@=\toks22
\eqnshift@=\dimen146
\alignsep@=\dimen147
\tagshift@=\dimen148
\tagwidth@=\dimen149
\totwidth@=\dimen150
\lineht@=\dimen151
\@envbody=\toks23
\multlinegap=\skip52
\multlinetaggap=\skip53
\mathdisplay@stack=\toks24
LaTeX Info: Redefining \[ on input line 2953.
LaTeX Info: Redefining \] on input line 2954.
)
(/usr/share/texmf-dist/tex/latex/amsfonts/amssymb.sty
Package: amssymb 2013/01/14 v3.01 AMS font symbols

(/usr/share/texmf-dist/tex/latex/amsfonts/amsfonts.sty
Package: amsfonts 2013/01/14 v3.01 Basic AMSFonts support
\symAMSa=\mathgroup4
\symAMSb=\mathgroup5
LaTeX Font Info:    Redeclaring math symbol \hbar on input line 98.
LaTeX Font Info:    Overwriting math alphabet `\mathfrak' in version `bold'
(Font)                  U/euf/m/n --> U/euf/b/n on input line 106.
))
(/usr/share/texmf-dist/tex/latex/hyperref/hyperref.sty
Package: hyperref 2024-11-05 v7.01l Hypertext links for LaTeX

(/usr/share/texmf-dist/tex/generic/iftex/iftex.sty
Package: iftex 2024/12/12 v1.0g TeX engine tests
)
(/usr/share/texmf-dist/tex/latex/kvsetkeys/kvsetkeys.sty
Package: kvsetkeys 2022-10-05 v1.19 Key value parser (HO)
)
(/usr/share/texmf-dist/tex/generic/kvdefinekeys/kvdefinekeys.sty
Package: kvdefinekeys 2019-12-19 v1.6 Define keys (HO)
)
(/usr/share/texmf-dist/tex/generic/pdfescape/pdfescape.sty
Package: pdfescape 2019/12/09 v1.15 Implements pdfTeX's escape features (HO)

(/usr/share/texmf-dist/tex/generic/ltxcmds/ltxcmds.sty
Package: ltxcmds 2023-12-04 v1.26 LaTeX kernel commands for general use (HO)
)
(/usr/share/texmf-dist/tex/generic/pdftexcmds/pdftexcmds.sty
Package: pdftexcmds 2020-06-27 v0.33 Utility functions of pdfTeX for LuaTeX (HO
)

(/usr/share/texmf-dist/tex/generic/infwarerr/infwarerr.sty
Package: infwarerr 2019/12/03 v1.5 Providing info/warning/error messages (HO)
)
Package pdftexcmds Info: \pdf@primitive is available.
Package pdftexcmds Info: \pdf@ifprimitive is available.
Package pdftexcmds Info: \pdfdraftmode found.
\pdftexcmds@toks=\toks25
))
(/usr/share/texmf-dist/tex/latex/hycolor/hycolor.sty
Package: hycolor 2020-01-27 v1.10 Color options for hyperref/bookmark (HO)
)
(/usr/share/texmf-dist/tex/latex/hyperref/nameref.sty
Package: nameref 2023-11-26 v2.56 Cross-referencing by name of section

(/usr/share/texmf-dist/tex/latex/refcount/refcount.sty
Package: refcount 2019/12/15 v3.6 Data extraction from label references (HO)
)
(/usr/share/texmf-dist/tex/generic/gettitlestring/gettitlestring.sty
Package: gettitlestring 2019/12/15 v1.6 Cleanup title references (HO)

(/usr/share/texmf-dist/tex/latex/kvoptions/kvoptions.sty
Package: kvoptions 2022-06-15 v3.15 Key value format for package options (HO)
))
\c@section@level=\count281
)
(/usr/share/texmf-dist/tex/latex/etoolbox/etoolbox.sty
Package: etoolbox 2025/02/11 v2.5l e-TeX tools for LaTeX (JAW)
\etb@tempcnta=\count282
)
(/usr/share/texmf-dist/tex/generic/stringenc/stringenc.sty
Package: stringenc 2019/11/29 v1.12 Convert strings between diff. encodings (HO
)
)
\@linkdim=\dimen152
\Hy@linkcounter=\count283
\Hy@pagecounter=\count284

(/usr/share/texmf-dist/tex/latex/hyperref/pd1enc.def
File: pd1enc.def 2024-11-05 v7.01l Hyperref: PDFDocEncoding definition (HO)
)
(/usr/share/texmf-dist/tex/generic/intcalc/intcalc.sty
Package: intcalc 2019/12/15 v1.3 Expandable calculations with integers (HO)
)
\Hy@SavedSpaceFactor=\count285

(/usr/share/texmf-dist/tex/latex/hyperref/puenc.def
File: puenc.def 2024-11-05 v7.01l Hyperref: PDF Unicode definition (HO)
)
Package hyperref Info: Hyper figures OFF on input line 4157.
Package hyperref Info: Link nesting OFF on input line 4162.
Package hyperref Info: Hyper index ON on input line 4165.
Package hyperref Info: Plain pages OFF on input line 4172.
Package hyperref Info: Backreferencing OFF on input line 4177.
Package hyperref Info: Implicit mode ON; LaTeX internals redefined.
Package hyperref Info: Bookmarks ON on input line 4424.
\c@Hy@tempcnt=\count286

(/usr/share/texmf-dist/tex/latex/url/url.sty
\Urlmuskip=\muskip18
Package: url 2013/09/16  ver 3.4  Verb mode for urls, etc.
)
LaTeX Info: Redefining \url on input line 4763.
\XeTeXLinkMargin=\dimen153

(/usr/share/texmf-dist/tex/generic/bitset/bitset.sty
Package: bitset 2019/12/09 v1.3 Handle bit-vector datatype (HO)

(/usr/share/texmf-dist/tex/generic/bigintcalc/bigintcalc.sty
Package: bigintcalc 2019/12/15 v1.5 Expandable calculations on big integers (HO
)
))
\Fld@menulength=\count287
\Field@Width=\dimen154
\Fld@charsize=\dimen155
Package hyperref Info: Hyper figures OFF on input line 6042.
Package hyperref Info: Link nesting OFF on input line 6047.
Package hyperref Info: Hyper index ON on input line 6050.
Package hyperref Info: backreferencing OFF on input line 6057.
Package hyperref Info: Link coloring OFF on input line 6062.
Package hyperref Info: Link coloring with OCG OFF on input line 6067.
Package hyperref Info: PDF/A mode OFF on input line 6072.

(/usr/share/texmf-dist/tex/latex/base/atbegshi-ltx.sty
Package: atbegshi-ltx 2021/01/10 v1.0c Emulation of the original atbegshi
package with kernel methods
)
\Hy@abspage=\count288
\c@Item=\count289
\c@Hfootnote=\count290
)
Package hyperref Info: Driver (autodetected): hluatex.

(/usr/share/texmf-dist/tex/latex/hyperref/hluatex.def
File: hluatex.def 2024-11-05 v7.01l Hyperref driver for luaTeX

(/usr/share/texmf-dist/tex/latex/base/atveryend-ltx.sty
Package: atveryend-ltx 2020/08/19 v1.0a Emulation of the original atveryend pac
kage
with kernel methods
)
\Fld@listcount=\count291
\c@bookmark@seq@number=\count292

(/usr/share/texmf-dist/tex/latex/rerunfilecheck/rerunfilecheck.sty
Package: rerunfilecheck 2022-07-10 v1.10 Rerun checks for auxiliary files (HO)

(/usr/share/texmf-dist/tex/generic/uniquecounter/uniquecounter.sty
Package: uniquecounter 2019/12/15 v1.4 Provide unlimited unique counter (HO)
)
Package uniquecounter Info: New unique counter `rerunfilecheck' on input line 2
85.
)
\Hy@SectionHShift=\skip54
)
(/usr/share/texmf-dist/tex/latex/caption/caption.sty
Package: caption 2023/08/05 v3.6o Customizing captions (AR)

(/usr/share/texmf-dist/tex/latex/caption/caption3.sty
Package: caption3 2023/07/31 v2.4d caption3 kernel (AR)
\caption@tempdima=\dimen156
\captionmargin=\dimen157
\caption@leftmargin=\dimen158
\caption@rightmargin=\dimen159
\caption@width=\dimen160
\caption@indent=\dimen161
\caption@parindent=\dimen162
\caption@hangindent=\dimen163
Package caption Info: Standard document class detected.
)
\c@caption@flags=\count293
\c@continuedfloat=\count294
Package caption Info: hyperref package is loaded.
)
(/usr/share/texmf-dist/tex/latex/caption/subcaption.sty
Package: subcaption 2023/07/28 v1.6b Sub-captions (AR)
Package caption Info: New subtype `subfigure' on input line 238.
\c@subfigure=\count295
Package caption Info: New subtype `subtable' on input line 238.
\c@subtable=\count296
)
(/usr/share/texmf-dist/tex/latex/multirow/multirow.sty
Package: multirow 2024/11/12 v2.9 Span multiple rows of a table
\multirow@colwidth=\skip55
\multirow@cntb=\count297
\multirow@dima=\skip56
\bigstrutjot=\dimen164
)
(/usr/share/texmf-dist/tex/latex/tools/array.sty
Package: array 2024/10/17 v2.6g Tabular extension package (FMi)
\col@sep=\dimen165
\ar@mcellbox=\box54
\extrarowheight=\dimen166
\NC@list=\toks26
\extratabsurround=\skip57
\backup@length=\skip58
\ar@cellbox=\box55
)
(/usr/share/texmf-dist/tex/latex/booktabs/booktabs.sty
Package: booktabs 2020/01/12 v1.61803398 Publication quality tables
\heavyrulewidth=\dimen167
\lightrulewidth=\dimen168
\cmidrulewidth=\dimen169
\belowrulesep=\dimen170
\belowbottomsep=\dimen171
\aboverulesep=\dimen172
\abovetopsep=\dimen173
\cmidrulesep=\dimen174
\cmidrulekern=\dimen175
\defaultaddspace=\dimen176
\@cmidla=\count298
\@cmidlb=\count299
\@aboverulesep=\dimen177
\@belowrulesep=\dimen178
\@thisruleclass=\count300
\@lastruleclass=\count301
\@thisrulewidth=\dimen179
)
(/usr/share/texmf-dist/tex/latex/float/float.sty
Package: float 2001/11/08 v1.3d Float enhancements (AL)
\c@float@type=\count302
\float@exts=\toks27
\float@box=\box56
\@float@everytoks=\toks28
\@floatcapt=\box57
)
(/usr/share/texmf-dist/tex/latex/geometry/geometry.sty
Package: geometry 2020/01/02 v5.9 Page Geometry

(/usr/share/texmf-dist/tex/generic/iftex/ifvtex.sty
Package: ifvtex 2019/10/25 v1.7 ifvtex legacy package. Use iftex instead.
)
\Gm@cnth=\count303
\Gm@cntv=\count304
\c@Gm@tempcnt=\count305
\Gm@bindingoffset=\dimen180
\Gm@wd@mp=\dimen181
\Gm@odd@mp=\dimen182
\Gm@even@mp=\dimen183
\Gm@layoutwidth=\dimen184
\Gm@layoutheight=\dimen185
\Gm@layouthoffset=\dimen186
\Gm@layoutvoffset=\dimen187
\Gm@dimlist=\toks29
)
(/usr/share/texmf-dist/tex/latex/l3backend/l3backend-luatex.def
File: l3backend-luatex.def 2024-05-08 L3 backend support: PDF output (LuaTeX)
\l__color_backend_stack_int=\count306
\l__pdf_internal_box=\box58
)
("./Detection and Recognition of Diacritics.aux")
\openout1 = Detection and Recognition of Diacritics.aux

LaTeX Font Info:    Checking defaults for OML/cmm/m/it on input line 27.
LaTeX Font Info:    ... okay on input line 27.
LaTeX Font Info:    Checking defaults for OMS/cmsy/m/n on input line 27.
LaTeX Font Info:    ... okay on input line 27.
LaTeX Font Info:    Checking defaults for OT1/cmr/m/n on input line 27.
LaTeX Font Info:    ... okay on input line 27.
LaTeX Font Info:    Checking defaults for T1/cmr/m/n on input line 27.
LaTeX Font Info:    ... okay on input line 27.
LaTeX Font Info:    Checking defaults for TS1/cmr/m/n on input line 27.
LaTeX Font Info:    ... okay on input line 27.
LaTeX Font Info:    Checking defaults for TU/lmr/m/n on input line 27.
LaTeX Font Info:    ... okay on input line 27.
LaTeX Font Info:    Checking defaults for OMX/cmex/m/n on input line 27.
LaTeX Font Info:    ... okay on input line 27.
LaTeX Font Info:    Checking defaults for U/cmr/m/n on input line 27.
LaTeX Font Info:    ... okay on input line 27.
LaTeX Font Info:    Checking defaults for PD1/pdf/m/n on input line 27.
LaTeX Font Info:    ... okay on input line 27.
LaTeX Font Info:    Checking defaults for PU/pdf/m/n on input line 27.
LaTeX Font Info:    ... okay on input line 27.

(/usr/share/texmf-dist/tex/context/base/mkii/supp-pdf.mkii
[Loading MPS to PDF converter (version 2006.09.02).]
\scratchcounter=\count307
\scratchdimen=\dimen188
\scratchbox=\box59
\nofMPsegments=\count308
\nofMParguments=\count309
\everyMPshowfont=\toks30
\MPscratchCnt=\count310
\MPscratchDim=\dimen189
\MPnumerator=\count311
\makeMPintoPDFobject=\count312
\everyMPtoPDFconversion=\toks31
) (/usr/share/texmf-dist/tex/latex/epstopdf-pkg/epstopdf-base.sty
Package: epstopdf-base 2020-01-24 v2.11 Base part for package epstopdf
Package epstopdf-base Info: Redefining graphics rule for `.eps' on input line 4
85.

(/usr/share/texmf-dist/tex/latex/latexconfig/epstopdf-sys.cfg
File: epstopdf-sys.cfg 2010/07/13 v1.3 Configuration of (r)epstopdf for TeX Liv
e
))
Package hyperref Info: Link coloring OFF on input line 27.

("./Detection and Recognition of Diacritics.out")
("./Detection and Recognition of Diacritics.out")
\@outlinefile=\write3

\openout3 = Detection and Recognition of Diacritics.out
Package caption Info: Begin \AtBeginDocument code.
Package caption Info: float package is loaded.
Package caption Info: End \AtBeginDocument code.

*geometry* driver: auto-detecting
*geometry* detected driver: luatex
*geometry* verbose mode - [ preamble ] result:
* driver: luatex
* paper: a4paper
* layout: <same size as paper>
* layoutoffset:(h,v)=(0.0pt,0.0pt)
* modes: 
* h-part:(L,W,R)=(71.13188pt, 455.24411pt, 71.13188pt)
* v-part:(T,H,B)=(71.13188pt, 702.78308pt, 71.13188pt)
* \paperwidth=597.50787pt
* \paperheight=845.04684pt
* \textwidth=455.24411pt
* \textheight=702.78308pt
* \oddsidemargin=-1.1381pt
* \evensidemargin=-1.1381pt
* \topmargin=-38.1381pt
* \headheight=12.0pt
* \headsep=25.0pt
* \topskip=12.0pt
* \footskip=30.0pt
* \marginparwidth=35.0pt
* \marginparsep=10.0pt
* \columnsep=10.0pt
* \skip\footins=10.8pt plus 4.0pt minus 2.0pt
* \hoffset=0.0pt
* \voffset=0.0pt
* \mag=1000
* \@twocolumnfalse
* \@twosidefalse
* \@mparswitchfalse
* \@reversemarginfalse
* (1in=72.27pt=25.4mm, 1cm=28.453pt)



[1

{/var/lib/texmf/fonts/map/pdftex/updmap/pdftex.map}
Missing character: There is no č (U+010D) in font ec-lmr12!
Missing character: There is no ř (U+0159) in font ec-lmr12!
]


warning  (pdf backend): ignoring duplicate destination with the name 'page.1'
[1

]

[2



Missing character: There is no č (U+010D) in font ec-lmr12!
Missing character: There is no Č (U+010C) in font ec-lmr12!
Missing character: There is no ř (U+0159) in font ec-lmr12!
]

[3

]
Overfull \hbox (4.2106pt too wide) in paragraph at lines 93--94
[]\T1/lmr/m/n/12 Proveďte rešerši pub-likací věno-vaných prob-lem-at-ice 
rozpoznávání textů v reál-ných scénách,
 []



[4



Missing character: There is no Ř (U+0158) in font ec-lmbx12!
Missing character: There is no č (U+010D) in font ec-lmr12!
Missing character: There is no ř (U+0159) in font ec-lmr12!
Missing character: There is no ř (U+0159) in font ec-lmr12!
Missing character: There is no č (U+010D) in font ec-lmr12!
Missing character: There is no č (U+010D) in font ec-lmr12!
Missing character: There is no ě (U+011B) in font ec-lmr12!
Missing character: There is no č (U+010D) in font ec-lmr12!
Missing character: There is no ď (U+010F) in font ec-lmr12!
Missing character: There is no š (U+0161) in font ec-lmr12!
Missing character: There is no š (U+0161) in font ec-lmr12!
Missing character: There is no ě (U+011B) in font ec-lmr12!
Missing character: There is no ů (U+016F) in font ec-lmr12!
Missing character: There is no ě (U+011B) in font ec-lmr12!
Missing character: There is no ř (U+0159) in font ec-lmr12!
Missing character: There is no ě (U+011B) in font ec-lmr12!
Missing character: There is no ě (U+011B) in font ec-lmr12!
Missing character: There is no š (U+0161) in font ec-lmr12!
Missing character: There is no ě (U+011B) in font ec-lmr12!
Missing character: There is no ě (U+011B) in font ec-lmr12!
Missing character: There is no ě (U+011B) in font ec-lmr12!
Missing character: There is no ř (U+0159) in font ec-lmr12!
Missing character: There is no ě (U+011B) in font ec-lmr12!
Missing character: There is no š (U+0161) in font ec-lmr12!
Missing character: There is no ě (U+011B) in font ec-lmr12!
Missing character: There is no ř (U+0159) in font ec-lmr12!
Missing character: There is no ť (U+0165) in font ec-lmr12!
Missing character: There is no ž (U+017E) in font ec-lmr12!
Missing character: There is no ť (U+0165) in font ec-lmr12!
Missing character: There is no č (U+010D) in font ec-lmr12!
Missing character: There is no š (U+0161) in font ec-lmr12!
Missing character: There is no ě (U+011B) in font ec-lmr12!
Missing character: There is no Č (U+010C) in font ec-lmr12!
Missing character: There is no ř (U+0159) in font ec-lmr12!
Missing character: There is no ř (U+0159) in font ec-lmr12!
Missing character: There is no ř (U+0159) in font ec-lmr12!
]

[5

]

[6



Missing character: There is no ř (U+0159) in font ec-lmr12!
Missing character: There is no š (U+0161) in font ec-lmr12!
Missing character: There is no ň (U+0148) in font ec-lmr12!
]

[7


Missing character: There is no š (U+0161) in font ec-lmbx12!
Missing character: There is no š (U+0161) in font ec-lmr12!
Missing character: There is no ž (U+017E) in font ec-lmr12!
Missing character: There is no ř (U+0159) in font ec-lmr12!
Missing character: There is no ž (U+017E) in font ec-lmr12!
Missing character: There is no ě (U+011B) in font ec-lmr12!
Missing character: There is no ž (U+017E) in font ec-lmr12!
Missing character: There is no š (U+0161) in font ec-lmr12!
Missing character: There is no ž (U+017E) in font ec-lmr12!
Missing character: There is no č (U+010D) in font ec-lmr12!
Missing character: There is no ž (U+017E) in font ec-lmr12!
Missing character: There is no ů (U+016F) in font ec-lmr12!
Missing character: There is no ř (U+0159) in font ec-lmr12!
Missing character: There is no ř (U+0159) in font ec-lmr12!
Missing character: There is no ě (U+011B) in font ec-lmr12!
Missing character: There is no š (U+0161) in font ec-lmr12!
Missing character: There is no ě (U+011B) in font ec-lmr12!
Missing character: There is no č (U+010D) in font ec-lmr12!
]


warning  (pdf backend): ignoring duplicate destination with the name 'page.1'
[1


Missing character: There is no ě (U+011B) in font ec-lmr12!
Missing character: There is no ř (U+0159) in font ec-lmr12!
Missing character: There is no č (U+010D) in font ec-lmr12!
Missing character: There is no ě (U+011B) in font ec-lmr12!
Missing character: There is no ů (U+016F) in font ec-lmr12!
Missing character: There is no ě (U+011B) in font ec-lmr12!
Missing character: There is no ě (U+011B) in font ec-lmr12!
Missing character: There is no ř (U+0159) in font ec-lmr12!
Missing character: There is no ě (U+011B) in font ec-lmr12!
Missing character: There is no š (U+0161) in font ec-lmr12!
Missing character: There is no ě (U+011B) in font ec-lmr12!
Missing character: There is no ž (U+017E) in font ec-lmr12!
Missing character: There is no ě (U+011B) in font ec-lmr12!
Missing character: There is no Č (U+010C) in font ec-lmr12!
Missing character: There is no č (U+010D) in font ec-lmr12!
Missing character: There is no ě (U+011B) in font ec-lmr12!
Missing character: There is no ž (U+017E) in font ec-lmr12!
Missing character: There is no ř (U+0159) in font ec-lmr12!
Missing character: There is no ě (U+011B) in font ec-lmr12!
Missing character: There is no ř (U+0159) in font ec-lmr12!
Missing character: There is no č (U+010D) in font ec-lmr12!
Missing character: There is no ě (U+011B) in font ec-lmr12!
Missing character: There is no š (U+0161) in font ec-lmr12!
Missing character: There is no č (U+010D) in font ec-lmr12!
Missing character: There is no ě (U+011B) in font ec-lmr12!
Missing character: There is no š (U+0161) in font ec-lmr12!
Missing character: There is no č (U+010D) in font ec-lmbx12!
]


warning  (pdf backend): ignoring duplicate destination with the name 'page.1'
[1

] ("./Detection and Recognition of Diacritics.toc"
LaTeX Font Info:    Trying to load font information for U+msa on input line 8.

(/usr/share/texmf-dist/tex/latex/amsfonts/umsa.fd
File: umsa.fd 2013/01/14 v3.01 AMS symbols A
)
LaTeX Font Info:    Trying to load font information for U+msb on input line 8.

(/usr/share/texmf-dist/tex/latex/amsfonts/umsb.fd
File: umsb.fd 2013/01/14 v3.01 AMS symbols B
)


warning  (pdf backend): ignoring duplicate destination with the name 'page.1'
[1



Missing character: There is no Ř (U+0158) in font ec-lmbx12!
Missing character: There is no š (U+0161) in font ec-lmbx12!
]


warning  (pdf backend): ignoring duplicate destination with the name 'page.2'
[2])
\tf@toc=\write4

\openout4 = Detection and Recognition of Diacritics.toc



warning  (pdf backend): ignoring duplicate destination with the name 'page.3'
[3]
Chapter 1.

Overfull \hbox (4.37463pt too wide) in paragraph at lines 173--174
\T1/lmr/m/n/12 Meth-ods of aux-il-iary tex-tual sym-bols de-tec-tion and recog-
ni-tion pro-posed in this manuscript
 []




warning  (pdf backend): ignoring duplicate destination with the name 'page.4'
[4


]


warning  (pdf backend): ignoring duplicate destination with the name 'page.5'
[5]
Chapter 2.



warning  (pdf backend): ignoring duplicate destination with the name 'page.6'
[6

]


warning  (pdf backend): ignoring duplicate destination with the name 'page.7'
[7]

[8]
Overfull \hbox (21.35234pt too wide) in paragraph at lines 305--305
[]\T1/lmr/bx/n/17.28 In-te-grat-ing the OCR re-sults with in-for-ma-tion about
 []



[9
Missing character: There is no ž (U+017E) in font ec-lmr12!
Missing character: There is no ě (U+011B) in font ec-lmr12!
]

[10]
Chapter 3.


[11

]

[12]

[13]

[14]

[15]

[16]

[17]

[18]

[19]
Chapter 4.


[20

]

[21]

[22]

[23]

[24]
Chapter 5.

LaTeX Warning: Reference `fig:replacement-table' on page 25 undefined on input 
line 705.



[25

]

[26]

[27]
Chapter 6.


[28

]

[29]
Chapter 7.


[30

]

[31]

[32]

[33]
Chapter 8.


[34

]

[35]
Overfull \hbox (54.68765pt too wide) in paragraph at lines 1093--1105
 [][] 
 []



[36]

[37]
Chapter 9.


[38

]

[39]
Chapter 10.


[40

]

[41]
Appendix A.
LaTeX Font Info:    Trying to load font information for T1+lmtt on input line 1
181.
(/usr/share/texmf-dist/tex/latex/lm/t1lmtt.fd
File: t1lmtt.fd 2015/05/01 v1.6.1 Font defs for Latin Modern
)

[42


Missing character: There is no č (U+010D) in font ec-lmtt12!
]

[43]

[44]
Appendix B.


[45

]
Appendix C.


[46

]
Appendix D.


[47

]
Appendix E.


[48

]

[49


Missing character: There is no — (U+2014) in font ec-lmr12!
Missing character: There is no — (U+2014) in font ec-lmr12!
]
Underfull \hbox (badness 10000) in paragraph at lines 1349--1350
[]$\T1/lmtt/m/n/12 https://commons.wikimedia.org/wiki/File:HiddenMarkovModel.sv
g$[] \T1/lmr/m/n/12 (vis-ited
 []



[50
Missing character: There is no Č (U+010C) in font ec-lmr12!
Missing character: There is no Č (U+010C) in font ec-lmr12!
Missing character: There is no ě (U+011B) in font ec-lmr12!
Missing character: There is no č (U+010D) in font ec-lmr12!
] ("./Detection and Recognition of Diacritics.aux")
 ***********
LaTeX2e <2024-11-01> patch level 2
L3 programming layer <2025-01-18>
 ***********


LaTeX Warning: There were undefined references.

Package rerunfilecheck Info: File `"Detection and Recognition of Diacritics".ou
t' has not changed.
(rerunfilecheck)             Checksum: <no file>.
)

Here is how much of LuaTeX's memory you used:
 12895 strings out of 475506
 125026,794899 words of node,token memory allocated
 525 words of node memory still in use:
   6 hlist, 2 vlist, 2 rule, 3 glue, 1 kern, 56 glue_spec, 1 write, 10 pdf_actio
n nodes
   avail lists: 1:1,2:23,3:704,4:34,5:490,6:117,7:7722,8:83,9:666,10:17,11:686
 35413 multiletter control sequences out of 65536+600000
 67 fonts using 2782127 bytes
 72i,9n,75p,1007b,478s stack positions out of 10000i,1000n,20000p,200000b,200000s
{/usr/share/texmf-dist/fonts/enc/dvips/lm/lm-ec.enc}{/usr/share/texmf-dist/fonts
/enc/dvips/lm/lm-ts1.enc}</usr/share/texmf-dist/fonts/type1/public/amsfonts/cm/c
mbx12.pfb></usr/share/texmf-dist/fonts/type1/public/amsfonts/cm/cmbx8.pfb></usr/
share/texmf-dist/fonts/type1/public/amsfonts/cm/cmex10.pfb></usr/share/texmf-dis
t/fonts/type1/public/amsfonts/cm/cmmi12.pfb></usr/share/texmf-dist/fonts/type1/p
ublic/amsfonts/cm/cmmi6.pfb></usr/share/texmf-dist/fonts/type1/public/amsfonts/c
m/cmmi8.pfb></usr/share/texmf-dist/fonts/type1/public/amsfonts/cm/cmr12.pfb></us
r/share/texmf-dist/fonts/type1/public/amsfonts/cm/cmr6.pfb></usr/share/texmf-dis
t/fonts/type1/public/amsfonts/cm/cmr8.pfb></usr/share/texmf-dist/fonts/type1/pub
lic/amsfonts/cm/cmsy10.pfb></usr/share/texmf-dist/fonts/type1/public/amsfonts/cm
/cmsy8.pfb></usr/share/texmf-dist/fonts/type1/public/lm/lmbx12.pfb></usr/share/t
exmf-dist/fonts/type1/public/lm/lmr10.pfb></usr/share/texmf-dist/fonts/type1/pub
lic/lm/lmr12.pfb></usr/share/texmf-dist/fonts/type1/public/lm/lmr17.pfb></usr/sh
are/texmf-dist/fonts/type1/public/lm/lmr7.pfb></usr/share/texmf-dist/fonts/type1
/public/lm/lmr8.pfb></usr/share/texmf-dist/fonts/type1/public/lm/lmtt12.pfb></us
r/share/texmf-dist/fonts/type1/public/amsfonts/symbols/msbm10.pfb>
Output written on Detection and Recognition of Diacritics.pdf (60 pages, 422167
 bytes).

PDF statistics: 960 PDF objects out of 1000 (max. 8388607)
 870 compressed objects within 9 object streams
 267 named destinations out of 1000 (max. 131072)
 705 words of extra memory for PDF output out of 10000 (max. 100000000)

