\BOOKMARK [0][-]{chapter*.1}{\376\377\000B\000A\000C\000H\000E\000L\000O\000R\000\040\000P\000R\000O\000J\000E\000C\000T\000\040\000A\000S\000S\000I\000G\000N\000M\000E\000N\000T}{}% 1
\BOOKMARK [0][-]{chapter*.2}{\376\377\000Z\000A\000D\000\301\000N\000\315\000\040\000B\000A\000K\000A\000L\000\301\001\130\000S\000K\000\311\000\040\000P\000R\000\301\000C\000E}{}% 2
\BOOKMARK [0][-]{chapter*.3}{\376\377\000A\000c\000k\000n\000o\000w\000l\000e\000d\000g\000e\000m\000e\000n\000t}{}% 3
\BOOKMARK [0][-]{chapter*.4}{\376\377\000P\000r\000o\000h\000l\000\341\001\141\000e\000n\000\355\000\040\000a\000u\000t\000o\000r\000a\000\040\000p\000r\000\341\000c\000e}{}% 4
\BOOKMARK [0][-]{chapter.1}{\376\377\000I\000n\000t\000r\000o\000d\000u\000c\000t\000i\000o\000n}{}% 5
\BOOKMARK [1][-]{section.1.1}{\376\377\000T\000e\000x\000t\000-\000i\000n\000-\000t\000h\000e\000-\000w\000i\000l\000d\000\040\000r\000e\000c\000o\000g\000n\000i\000t\000i\000o\000n}{chapter.1}% 6
\BOOKMARK [1][-]{section.1.2}{\376\377\000A\000p\000p\000r\000o\000a\000c\000h\000e\000s\000\040\000i\000n\000\040\000t\000e\000x\000t\000\040\000d\000e\000t\000e\000c\000t\000i\000o\000n}{chapter.1}% 7
\BOOKMARK [2][-]{subsection.1.2.1}{\376\377\000A\000l\000g\000o\000r\000i\000t\000h\000m\000s\000\040\000b\000a\000s\000e\000d\000\040\000o\000n\000\040\000i\000m\000a\000g\000e\000\040\000b\000i\000n\000a\000r\000i\000z\000a\000t\000i\000o\000n}{section.1.2}% 8
\BOOKMARK [2][-]{subsection.1.2.2}{\376\377\000A\000l\000g\000o\000r\000i\000t\000h\000m\000s\000\040\000b\000a\000s\000e\000d\000\040\000o\000n\000\040\000e\000d\000g\000e\000\040\000d\000e\000t\000e\000c\000t\000i\000o\000n}{section.1.2}% 9
\BOOKMARK [2][-]{subsection.1.2.3}{\376\377\000S\000l\000i\000d\000i\000n\000g\000\040\000w\000i\000n\000d\000o\000w\000\040\000a\000p\000p\000r\000o\000a\000c\000h}{section.1.2}% 10
\BOOKMARK [0][-]{chapter.2}{\376\377\000P\000r\000o\000b\000l\000e\000m\000\040\000s\000p\000e\000c\000i\000f\000i\000c\000a\000t\000i\000o\000n}{}% 11
\BOOKMARK [1][-]{section.2.1}{\376\377\000A\000u\000x\000i\000l\000i\000a\000r\000y\000\040\000t\000e\000x\000t\000u\000a\000l\000\040\000s\000y\000m\000b\000o\000l\000s}{chapter.2}% 12
\BOOKMARK [1][-]{section.2.2}{\376\377\000P\000u\000n\000c\000t\000u\000a\000t\000i\000o\000n\000\040\000m\000a\000r\000k\000s}{chapter.2}% 13
\BOOKMARK [2][-]{subsection.2.2.1}{\376\377\000T\000a\000x\000o\000n\000o\000m\000y\000\040\000o\000f\000\040\000p\000u\000n\000c\000t\000u\000a\000t\000i\000o\000n\000\040\000m\000a\000r\000k\000s}{section.2.2}% 14
\BOOKMARK [2][-]{subsection.2.2.2}{\376\377\000L\000o\000c\000a\000t\000i\000o\000n\000\040\000o\000f\000\040\000p\000u\000n\000c\000t\000u\000a\000t\000i\000o\000n\000\040\000m\000a\000r\000k\000s}{section.2.2}% 15
\BOOKMARK [1][-]{section.2.3}{\376\377\000D\000i\000a\000c\000r\000i\000t\000i\000c\000a\000l\000\040\000m\000a\000r\000k\000s}{chapter.2}% 16
\BOOKMARK [2][-]{subsection.2.3.1}{\376\377\000P\000l\000a\000c\000e\000m\000e\000n\000t\000\040\000a\000n\000d\000\040\000p\000r\000o\000p\000e\000r\000t\000i\000e\000s\000\040\000o\000f\000\040\000d\000i\000a\000c\000r\000i\000t\000i\000c\000a\000l\000\040\000m\000a\000r\000k\000s}{section.2.3}% 17
\BOOKMARK [2][-]{subsection.2.3.2}{\376\377\000S\000p\000e\000c\000i\000a\000l\000\040\000p\000r\000o\000p\000e\000r\000t\000i\000e\000s\000\040\000o\000f\000\040\000d\000i\000a\000c\000r\000i\000t\000i\000c\000a\000l\000\040\000s\000y\000m\000b\000o\000l\000s}{section.2.3}% 18
\BOOKMARK [1][-]{section.2.4}{\376\377\000I\000n\000t\000e\000g\000r\000a\000t\000i\000n\000g\000\040\000t\000h\000e\000\040\000O\000C\000R\000\040\000r\000e\000s\000u\000l\000t\000s\000\040\000w\000i\000t\000h\000\040\000i\000n\000f\000o\000r\000m\000a\000t\000i\000o\000n\000\040\000a\000b\000o\000u\000t\000\040\000d\000i\000a\000c\000r\000i\000t\000i\000c\000a\000l\000\040\000m\000a\000r\000k\000s}{chapter.2}% 19
\BOOKMARK [0][-]{chapter.3}{\376\377\000P\000u\000n\000c\000t\000u\000a\000t\000i\000o\000n}{}% 20
\BOOKMARK [1][-]{section.3.1}{\376\377\000P\000u\000n\000c\000t\000u\000a\000t\000i\000o\000n\000\040\000m\000a\000r\000k\000s\000\040\000i\000n\000\040\000c\000o\000n\000t\000e\000x\000t\000\040\000o\000f\000\040\000a\000\040\000t\000e\000x\000t\000\040\000l\000i\000n\000e}{chapter.3}% 21
\BOOKMARK [1][-]{section.3.2}{\376\377\000L\000o\000c\000a\000t\000i\000o\000n\000\040\000o\000f\000\040\000p\000u\000n\000c\000t\000u\000a\000t\000i\000o\000n\000\040\000m\000a\000r\000k\000s}{chapter.3}% 22
\BOOKMARK [2][-]{subsection.3.2.1}{\376\377\000L\000e\000a\000d\000i\000n\000g\000\040\000a\000n\000d\000\040\000t\000r\000a\000i\000l\000i\000n\000g\000\040\000p\000u\000n\000c\000t\000u\000a\000t\000i\000o\000n\000\040\000s\000e\000a\000r\000c\000h\000\040\000w\000i\000n\000d\000o\000w\000s}{section.3.2}% 23
\BOOKMARK [2][-]{subsection.3.2.2}{\376\377\000E\000m\000b\000e\000d\000d\000e\000d\000\040\000p\000u\000n\000c\000t\000u\000a\000t\000i\000o\000n\000\040\000s\000e\000a\000r\000c\000h\000\040\000w\000i\000n\000d\000o\000w\000s}{section.3.2}% 24
\BOOKMARK [1][-]{section.3.3}{\376\377\000P\000r\000o\000c\000e\000s\000s\000i\000n\000g\000\040\000o\000f\000\040\000s\000e\000a\000r\000c\000h\000\040\000w\000i\000n\000d\000o\000w\000s}{chapter.3}% 25
\BOOKMARK [2][-]{subsection.3.3.1}{\376\377\000E\000x\000t\000e\000n\000d\000i\000n\000g\000\040\000t\000h\000e\000\040\000s\000e\000a\000r\000c\000h\000\040\000w\000i\000n\000d\000o\000w\000s}{section.3.3}% 26
\BOOKMARK [2][-]{subsection.3.3.2}{\376\377\000E\000x\000t\000r\000a\000c\000t\000i\000o\000n\000\040\000o\000f\000\040\000s\000e\000a\000r\000c\000h\000\040\000w\000i\000n\000d\000o\000w\000\040\000i\000m\000a\000g\000e\000s\000\040\000f\000r\000o\000m\000\040\000a\000\040\000s\000o\000u\000r\000c\000e\000\040\000i\000m\000a\000g\000e}{section.3.3}% 27
\BOOKMARK [1][-]{section.3.4}{\376\377\000P\000r\000o\000c\000e\000s\000s\000i\000n\000g\000\040\000t\000h\000e\000\040\000i\000n\000f\000o\000r\000m\000a\000t\000i\000o\000n\000\040\000i\000n\000\040\000a\000\040\000s\000e\000a\000r\000c\000h\000\040\000w\000i\000n\000d\000o\000w}{chapter.3}% 28
\BOOKMARK [2][-]{subsection.3.4.1}{\376\377\000F\000i\000l\000t\000e\000r\000i\000n\000g\000\040\000t\000h\000e\000\040\000c\000o\000n\000n\000e\000c\000t\000e\000d\000\040\000c\000o\000m\000p\000o\000n\000e\000n\000t\000s}{section.3.4}% 29
\BOOKMARK [2][-]{subsection.3.4.2}{\376\377\000P\000u\000n\000c\000t\000u\000a\000t\000i\000o\000n\000\040\000p\000r\000e\000-\000f\000i\000l\000t\000e\000r\000\040\000h\000e\000u\000r\000i\000s\000t\000i\000c\000s}{section.3.4}% 30
\BOOKMARK [2][-]{subsection.3.4.3}{\376\377\000P\000u\000n\000c\000t\000u\000a\000t\000i\000o\000n\000\040\000p\000r\000e\000-\000f\000i\000l\000t\000e\000r\000\040\000c\000l\000a\000s\000s\000i\000f\000i\000e\000r}{section.3.4}% 31
\BOOKMARK [2][-]{subsection.3.4.4}{\376\377\000T\000r\000a\000i\000n\000i\000n\000g\000\040\000s\000e\000t\000\040\000o\000f\000\040\000t\000h\000e\000\040\000p\000u\000n\000c\000t\000u\000a\000t\000i\000o\000n\000\040\000p\000r\000e\000-\000f\000i\000l\000t\000e\000r}{section.3.4}% 32
\BOOKMARK [2][-]{subsection.3.4.5}{\376\377\000G\000r\000o\000u\000p\000i\000n\000g\000\040\000t\000h\000e\000\040\000c\000o\000n\000n\000e\000c\000t\000e\000d\000\040\000c\000o\000m\000p\000o\000n\000e\000n\000t\000s}{section.3.4}% 33
\BOOKMARK [1][-]{section.3.5}{\376\377\000P\000u\000n\000c\000t\000u\000a\000t\000i\000o\000n\000\040\000c\000l\000a\000s\000s\000i\000f\000i\000e\000r}{chapter.3}% 34
\BOOKMARK [2][-]{subsection.3.5.1}{\376\377\000C\000o\000m\000p\000u\000t\000a\000t\000i\000o\000n\000\040\000o\000f\000\040\000t\000h\000e\000\040\000s\000h\000a\000p\000e\000\040\000v\000e\000c\000t\000o\000r}{section.3.5}% 35
\BOOKMARK [2][-]{subsection.3.5.2}{\376\377\000D\000i\000m\000e\000n\000s\000i\000o\000n\000a\000l\000i\000t\000y\000\040\000r\000e\000d\000u\000c\000t\000i\000o\000n}{section.3.5}% 36
\BOOKMARK [2][-]{subsection.3.5.3}{\376\377\000T\000h\000e\000\040\000c\000l\000a\000s\000s\000i\000f\000i\000e\000r}{section.3.5}% 37
\BOOKMARK [1][-]{section.3.6}{\376\377\000T\000h\000e\000\040\000f\000l\000o\000w\000\040\000o\000f\000\040\000t\000h\000e\000\040\000a\000l\000g\000o\000r\000i\000t\000h\000m}{chapter.3}% 38
\BOOKMARK [0][-]{chapter.4}{\376\377\000D\000i\000a\000c\000r\000i\000t\000i\000c\000a\000l\000s}{}% 39
\BOOKMARK [1][-]{section.4.1}{\376\377\000D\000i\000a\000c\000r\000i\000t\000i\000c\000a\000l\000\040\000s\000e\000a\000r\000c\000h\000\040\000w\000i\000n\000d\000o\000w\000s}{chapter.4}% 40
\BOOKMARK [1][-]{section.4.2}{\376\377\000S\000e\000g\000m\000e\000n\000t\000a\000t\000i\000o\000n\000\040\000o\000f\000\040\000t\000h\000e\000\040\000s\000e\000a\000r\000c\000h\000\040\000w\000i\000n\000d\000o\000w\000s}{chapter.4}% 41
\BOOKMARK [1][-]{section.4.3}{\376\377\000D\000e\000t\000e\000c\000t\000i\000o\000n\000\040\000o\000f\000\040\000d\000i\000a\000c\000r\000i\000t\000i\000c\000a\000l\000\040\000p\000a\000i\000r\000s}{chapter.4}% 42
\BOOKMARK [1][-]{section.4.4}{\376\377\000C\000l\000a\000s\000s\000i\000f\000i\000c\000a\000t\000i\000o\000n\000\040\000o\000f\000\040\000d\000i\000a\000c\000r\000i\000t\000i\000c\000a\000l\000\040\000r\000e\000g\000i\000o\000n\000s}{chapter.4}% 43
\BOOKMARK [1][-]{section.4.5}{\376\377\000T\000h\000e\000\040\000f\000l\000o\000w\000\040\000o\000f\000\040\000t\000h\000e\000\040\000a\000l\000g\000o\000r\000i\000t\000h\000m}{chapter.4}% 44
\BOOKMARK [0][-]{chapter.5}{\376\377\000I\000n\000t\000e\000g\000r\000a\000t\000i\000n\000g\000\040\000t\000h\000e\000\040\000i\000n\000f\000o\000r\000m\000a\000t\000i\000o\000n\000\040\000a\000b\000o\000u\000t\000\040\000d\000i\000a\000c\000r\000i\000t\000i\000c\000a\000l\000\040\000m\000a\000r\000k\000s\000\040\000w\000i\000t\000h\000\040\000l\000e\000t\000t\000e\000r\000\040\000c\000l\000a\000s\000s\000i\000f\000i\000c\000a\000t\000i\000o\000n}{}% 45
\BOOKMARK [1][-]{section.5.1}{\376\377\000T\000h\000e\000\040\000i\000m\000p\000l\000e\000m\000e\000n\000t\000e\000d\000\040\000s\000o\000l\000u\000t\000i\000o\000n}{chapter.5}% 46
\BOOKMARK [1][-]{section.5.2}{\376\377\000A\000\040\000d\000i\000s\000c\000u\000s\000s\000i\000o\000n\000\040\000o\000f\000\040\000a\000n\000\040\000a\000l\000t\000e\000r\000n\000a\000t\000i\000v\000e\000\040\000s\000o\000l\000u\000t\000i\000o\000n\000\040\000b\000a\000s\000e\000d\000\040\000o\000n\000\040\000H\000M\000M}{chapter.5}% 47
\BOOKMARK [0][-]{chapter.6}{\376\377\000D\000a\000t\000a\000s\000e\000t\000s\000\040\000a\000n\000d\000\040\000t\000e\000s\000t\000i\000n\000g}{}% 48
\BOOKMARK [1][-]{section.6.1}{\376\377\000C\000h\000a\000r\000a\000c\000t\000e\000r\000i\000s\000t\000i\000c\000\040\000o\000f\000\040\000t\000h\000e\000\040\000u\000s\000e\000d\000\040\000d\000a\000t\000a\000s\000e\000t\000s}{chapter.6}% 49
\BOOKMARK [0][-]{chapter.7}{\376\377\000E\000v\000a\000l\000u\000a\000t\000i\000o\000n\000\040\000o\000f\000\040\000a\000\040\000d\000i\000a\000c\000r\000i\000t\000i\000c\000a\000l\000\040\000p\000i\000p\000e\000l\000i\000n\000e}{}% 50
\BOOKMARK [1][-]{section.7.1}{\376\377\000D\000e\000s\000c\000r\000i\000p\000t\000i\000o\000n\000\040\000o\000f\000\040\000i\000n\000d\000i\000v\000i\000d\000u\000a\000l\000\040\000e\000v\000a\000l\000u\000a\000t\000i\000o\000n\000\040\000s\000t\000a\000g\000e\000s}{chapter.7}% 51
\BOOKMARK [2][-]{subsection.7.1.1}{\376\377\000P\000r\000o\000c\000e\000d\000u\000r\000e\000\040\000i\000d\000e\000n\000t\000i\000f\000y\000L\000e\000t\000t\000e\000r}{section.7.1}% 52
\BOOKMARK [2][-]{subsection.7.1.2}{\376\377\000P\000r\000o\000c\000e\000d\000u\000r\000e\000\040\000i\000d\000e\000n\000t\000i\000f\000y\000D\000i\000a}{section.7.1}% 53
\BOOKMARK [2][-]{subsection.7.1.3}{\376\377\000P\000r\000o\000c\000e\000d\000u\000r\000e\000\040\000i\000d\000e\000n\000t\000i\000f\000y\000D\000i\000a\000R\000e\000l\000a\000t\000i\000o\000n}{section.7.1}% 54
\BOOKMARK [2][-]{subsection.7.1.4}{\376\377\000C\000h\000e\000c\000k\000\040\000t\000h\000e\000\040\000c\000l\000a\000s\000s\000i\000f\000i\000c\000a\000t\000i\000o\000n\000\040\000a\000n\000d\000\040\000t\000h\000e\000\040\000r\000e\000s\000u\000l\000t\000\040\000o\000f\000\040\000r\000e\000w\000r\000i\000t\000i\000n\000g}{section.7.1}% 55
\BOOKMARK [1][-]{section.7.2}{\376\377\000S\000t\000a\000t\000i\000s\000t\000i\000c\000s\000\040\000g\000a\000t\000h\000e\000r\000e\000d\000\040\000d\000u\000r\000i\000n\000g\000\040\000t\000h\000e\000\040\000e\000v\000a\000l\000u\000a\000t\000i\000o\000n\000\040\000p\000r\000o\000c\000e\000s\000s}{chapter.7}% 56
\BOOKMARK [1][-]{section.7.3}{\376\377\000S\000t\000a\000t\000i\000s\000t\000i\000c\000s\000\040\000o\000f\000\040\000a\000\040\000d\000a\000t\000a\000s\000e\000t}{chapter.7}% 57
\BOOKMARK [1][-]{section.7.4}{\376\377\000R\000e\000s\000u\000l\000t\000s}{chapter.7}% 58
\BOOKMARK [2][-]{subsection.7.4.1}{\376\377\000D\000a\000t\000a\000s\000e\000t}{section.7.4}% 59
\BOOKMARK [2][-]{subsection.7.4.2}{\376\377\000P\000e\000r\000f\000o\000r\000m\000a\000n\000c\000e\000\040\000o\000n\000\040\000c\000o\000n\000n\000e\000c\000t\000e\000d\000\040\000c\000o\000m\000p\000o\000n\000e\000n\000t\000s}{section.7.4}% 60
\BOOKMARK [2][-]{subsection.7.4.3}{\376\377\000P\000e\000r\000-\000c\000l\000a\000s\000s\000\040\000d\000e\000t\000a\000i\000l\000e\000d\000\040\000s\000t\000a\000t\000i\000s\000t\000i\000c\000s}{section.7.4}% 61
\BOOKMARK [2][-]{subsection.7.4.4}{\376\377\000C\000l\000a\000s\000s\000i\000f\000i\000e\000r\000\040\000c\000o\000n\000f\000u\000s\000i\000o\000n\000\040\000m\000a\000t\000r\000i\000x}{section.7.4}% 62
\BOOKMARK [0][-]{chapter.8}{\376\377\000E\000v\000a\000l\000u\000a\000t\000i\000o\000n\000\040\000o\000f\000\040\000a\000\040\000p\000u\000n\000c\000t\000u\000a\000t\000i\000o\000n\000\040\000p\000i\000p\000e\000l\000i\000n\000e}{}% 63
\BOOKMARK [1][-]{section.8.1}{\376\377\000D\000e\000s\000c\000r\000i\000p\000t\000i\000o\000n\000\040\000o\000f\000\040\000i\000n\000d\000i\000v\000i\000d\000u\000a\000l\000\040\000e\000v\000a\000l\000u\000a\000t\000i\000o\000n\000\040\000s\000t\000a\000g\000e\000s}{chapter.8}% 64
\BOOKMARK [2][-]{subsection.8.1.1}{\376\377\000P\000r\000o\000c\000e\000d\000u\000r\000e\000\040\000i\000n\000W\000i\000n\000d\000o\000w\000s}{section.8.1}% 65
\BOOKMARK [2][-]{subsection.8.1.2}{\376\377\000P\000r\000o\000c\000e\000d\000u\000r\000e\000\040\000f\000i\000n\000d\000B\000e\000s\000t\000C\000C\000s}{section.8.1}% 66
\BOOKMARK [2][-]{subsection.8.1.3}{\376\377\000P\000r\000o\000c\000e\000d\000u\000r\000e\000\040\000c\000h\000e\000c\000k\000G\000r\000o\000u\000p\000i\000n\000g}{section.8.1}% 67
\BOOKMARK [1][-]{section.8.2}{\376\377\000S\000t\000a\000t\000i\000s\000t\000i\000c\000s\000\040\000g\000a\000t\000h\000e\000r\000e\000d\000\040\000d\000u\000r\000i\000n\000g\000\040\000t\000h\000e\000\040\000e\000v\000a\000l\000u\000a\000t\000i\000o\000n\000\040\000p\000r\000o\000c\000e\000s\000s}{chapter.8}% 68
\BOOKMARK [1][-]{section.8.3}{\376\377\000S\000t\000a\000t\000i\000s\000t\000i\000c\000s\000\040\000o\000f\000\040\000a\000\040\000d\000a\000t\000a\000s\000e\000t}{chapter.8}% 69
\BOOKMARK [1][-]{section.8.4}{\376\377\000R\000e\000s\000u\000l\000t\000s}{chapter.8}% 70
\BOOKMARK [2][-]{subsection.8.4.1}{\376\377\000D\000a\000t\000a\000s\000e\000t}{section.8.4}% 71
\BOOKMARK [2][-]{subsection.8.4.2}{\376\377\000D\000e\000t\000e\000c\000t\000i\000o\000n\000\040\000p\000e\000r\000f\000o\000r\000m\000a\000n\000c\000e\000\040\000o\000n\000\040\000c\000o\000n\000n\000e\000c\000t\000e\000d\000\040\000c\000o\000m\000p\000o\000n\000e\000n\000t\000s}{section.8.4}% 72
\BOOKMARK [2][-]{subsection.8.4.3}{\376\377\000N\000u\000m\000b\000e\000r\000\040\000o\000f\000\040\000t\000r\000u\000e\000\040\000p\000o\000s\000i\000t\000i\000v\000e\000\040\000r\000e\000g\000i\000o\000n\000s\000\040\000a\000t\000\040\000d\000i\000f\000f\000e\000r\000e\000n\000t\000\040\000s\000t\000a\000g\000e\000s}{section.8.4}% 73
\BOOKMARK [0][-]{chapter.9}{\376\377\000I\000m\000p\000l\000e\000m\000e\000n\000t\000a\000t\000i\000o\000n}{}% 74
\BOOKMARK [1][-]{section.9.1}{\376\377\000D\000i\000a\000c\000r\000i\000t\000i\000c\000a\000l\000\040\000m\000o\000d\000u\000l\000e}{chapter.9}% 75
\BOOKMARK [1][-]{section.9.2}{\376\377\000P\000u\000n\000c\000t\000u\000a\000t\000i\000o\000n\000\040\000m\000o\000d\000u\000l\000e}{chapter.9}% 76
\BOOKMARK [1][-]{section.9.3}{\376\377\000T\000r\000a\000i\000n\000i\000n\000g\000\040\000d\000a\000t\000a\000s\000e\000t\000s\000\040\000o\000f\000\040\000c\000l\000a\000s\000s\000i\000f\000i\000e\000r\000s}{chapter.9}% 77
\BOOKMARK [0][-]{chapter.10}{\376\377\000C\000o\000n\000c\000l\000u\000s\000i\000o\000n}{}% 78
\BOOKMARK [0][-]{appendix.A}{\376\377\000D\000a\000t\000a\000s\000e\000t\000\040\000f\000o\000r\000m\000a\000t}{}% 79
\BOOKMARK [0][-]{appendix.B}{\376\377\000A\000n\000n\000o\000t\000a\000t\000i\000o\000n\000\040\000e\000d\000i\000t\000o\000r}{}% 80
\BOOKMARK [1][-]{section.B.1}{\376\377\000S\000e\000m\000i\000-\000a\000u\000t\000o\000m\000a\000t\000i\000c\000\040\000a\000n\000n\000o\000t\000a\000t\000i\000o\000n}{appendix.B}% 81
\BOOKMARK [0][-]{appendix.C}{\376\377\000C\000o\000n\000t\000e\000n\000t\000\040\000o\000f\000\040\000t\000h\000e\000\040\000e\000n\000c\000l\000o\000s\000e\000d\000\040\000C\000D}{}% 82
\BOOKMARK [0][-]{appendix.D}{\376\377\000A\000\040\000v\000i\000s\000u\000a\000l\000\040\000p\000r\000e\000v\000i\000e\000w\000\040\000o\000f\000\040\000t\000h\000e\000\040\000d\000a\000t\000a\000s\000e\000t\000s}{}% 83
\BOOKMARK [1][-]{section.D.1}{\376\377\000C\000S\000D\000a\000t\000a\000s\000e\000t\0002}{appendix.D}% 84
\BOOKMARK [1][-]{section.D.2}{\376\377\000C\000S\000D\000a\000t\000a\000s\000e\000t\0004}{appendix.D}% 85
\BOOKMARK [0][-]{appendix.E}{\376\377\000A\000\040\000v\000i\000s\000u\000a\000l\000\040\000p\000r\000e\000v\000i\000e\000w\000\040\000o\000f\000\040\000d\000e\000t\000e\000c\000t\000i\000o\000n\000\040\000r\000e\000s\000u\000l\000t\000s}{}% 86
\BOOKMARK [1][-]{section.E.1}{\376\377\000D\000i\000a\000c\000r\000i\000t\000i\000c\000a\000l\000\040\000p\000i\000p\000e\000l\000i\000n\000e}{appendix.E}% 87
\BOOKMARK [1][-]{section.E.2}{\376\377\000P\000u\000n\000c\000t\000u\000a\000t\000i\000o\000n\000\040\000p\000i\000p\000e\000l\000i\000n\000e}{appendix.E}% 88
